<?xml version="1.0" encoding="UTF-8"?>
<testsuites name="jest tests" tests="3" failures="0" errors="0" time="0.767">
  <testsuite name="undefined" errors="0" failures="0" skipped="0" timestamp="2025-12-10T03:19:59" time="0.666" tests="3">
    <testcase classname="" name="updateUserProfile updates theme and returns updated user" time="0.026">
    </testcase>
    <testcase classname="" name="updateUserProfile returns 404 when user not found" time="0.012">
    </testcase>
    <testcase classname="" name="updateUserProfile preserves theme when none provided" time="0.003">
    </testcase>
  </testsuite>
</testsuites>